                                   故障分析简表                                 
=================================================================================
电站名称: 乐万500kV变电所500kV2#小室故障录波器
故障线路: 500kV南乐Ⅰ线
相对时间0ms 对应的绝对时刻:2009年01月25日01时38分41秒  0.800毫秒
第0001段: (从 -40.0 ms 到 920.5 ms)
    故障开始时间      : -0.5 ms
    故障相别          : ＡＮ
    故障结束时间      : 40.0 ms
    断路器跳闸时间    : 40.0 ms
    故障距离          : 37.572 公里
    二次侧电抗        : 6.3143 Ω
    故障前一周波的母线电压有效值: A相: (一次值= 312.316 KV); (二次值=  62.463 V)
                                  B相: (一次值= 314.588 KV); (二次值=  62.918 V)
                                  C相: (一次值= 313.912 KV); (二次值=  62.782 V)
                                  N相: (一次值=   7.954 KV); (二次值=   1.591 V)
    故障前一周波的故障电流有效值: A相: (一次值=   0.128 KA); (二次值=   0.043 A)
                                  B相: (一次值=   0.125 KA); (二次值=   0.042 A)
                                  C相: (一次值=   0.131 KA); (二次值=   0.044 A)
                                  N相: (一次值=   0.062 KA); (二次值=   0.021 A)
    故障时的母线电压有效值:       A相: (一次值=  97.717 KV); (二次值=  19.543 V)
                                  B相: (一次值= 315.560 KV); (二次值=  63.112 V)
                                  C相: (一次值= 310.076 KV); (二次值=  62.015 V)
                                  N相: (一次值= 237.875 KV); (二次值=  47.575 V)
    故障时的故障电流有效值:       A相: (一次值=   6.040 KA); (二次值=   2.013 A)
                                  B相: (一次值=   0.025 KA); (二次值=   0.008 A)
                                  C相: (一次值=   0.421 KA); (二次值=   0.140 A)
                                  N相: (一次值=   6.477 KA); (二次值=   2.159 A)
    故障后一周波的母线电压有效值: A相: (一次值=  96.861 KV); (二次值=  19.372 V)
                                  B相: (一次值= 310.691 KV); (二次值=  62.138 V)
                                  C相: (一次值= 311.002 KV); (二次值=  62.200 V)
                                  N相: (一次值= 214.997 KV); (二次值=  42.999 V)
    故障后一周波的故障电流有效值: A相: (一次值=   6.104 KA); (二次值=   2.035 A)
                                  B相: (一次值=   0.043 KA); (二次值=   0.014 A)
                                  C相: (一次值=   0.450 KA); (二次值=   0.150 A)
                                  N相: (一次值=   6.584 KA); (二次值=   2.195 A)
==================================================================================
第0002段: (从 921.0 ms 到 2920.0 ms), 本段无故障!
第0003段: (从 2921.0 ms 到 3160.5 ms), 本段无故障!
第0004段: (从 3161.0 ms 到 5160.0 ms), 本段无故障!
第0005段: (从 5161.0 ms 到 12661.0 ms), 本段采样率=20Hz, 小于600Hz, 不作分析!

开关量变位清单: 
第115通道: 1-500kV南乐Ⅰ线第一套RCS-931A保护A相跳闸 :
	第001次变位:  相对时间=  15.0毫秒, 采样点=110
	第001次复位:  相对时间=  58.0毫秒, 采样点=196
第119通道: 5-500kV南乐Ⅰ线第二套CSC-103A保护A相跳闸 :
	第001次变位:  相对时间=  20.5毫秒, 采样点=121
	第001次复位:  相对时间=  72.0毫秒, 采样点=224
第126通道: 12-500kV南乐Ⅰ线第二套CSC-103A保护收令动作 :
	第001次变位:  相对时间=  30.5毫秒, 采样点=141
	第001次复位:  相对时间= 238.5毫秒, 采样点=557
第127通道: 13-500kV南乐Ⅰ线第二套CSC-103A保护发令动作 :
	第001次变位:  相对时间=  16.5毫秒, 采样点=113
	第001次复位:  相对时间= 202.0毫秒, 采样点=484
第142通道: 28-500kV南乐Ⅰ线第二套CSC-103A保护收信录波 :
	第001次变位:  相对时间=  26.5毫秒, 采样点=133
	第001次复位:  相对时间= 236.0毫秒, 采样点=552
第143通道: 29-500kV南乐Ⅰ线第二套CSC-103A保护发信录波 :
	第001次变位:  相对时间=  22.0毫秒, 采样点=124
	第001次复位:  相对时间= 208.0毫秒, 采样点=496
第152通道: 38-500kV 5042中间断路器A相跳闸 :
	第001次变位:  相对时间=  26.0毫秒, 采样点=132
	第001次复位:  相对时间=  67.5毫秒, 采样点=215
第155通道: 41-500kV 5042中间断路器重合闸动作 :
	第001次变位:  相对时间=1077.0毫秒, 采样点=2078
	第001次复位:  相对时间=1197.0毫秒, 采样点=2198
第157通道: 43-500kV 5043边断路器A相跳闸 :
	第001次变位:  相对时间=  27.0毫秒, 采样点=134
	第001次复位:  相对时间=  68.0毫秒, 采样点=216
第160通道: 46-500kV 5043边断路器重合闸动作 :
	第001次变位:  相对时间= 776.0毫秒, 采样点=1632
	第001次复位:  相对时间= 897.0毫秒, 采样点=1874
第208通道: 94-500kV 5042中间断路器操作箱A相跳闸 :
	第001次变位:  相对时间=  28.0毫秒, 采样点=136
第211通道: 97-500kV 5043断路器操作箱A相跳闸 :
	第001次变位:  相对时间=  26.5毫秒, 采样点=133
第225通道: 111-5042断路器合位 :
	第001次变位:  相对时间=  36.5毫秒, 采样点=153
	第001次复位:  相对时间=1143.0毫秒, 采样点=2144
第227通道: 113-5043断路器合位 :
	第001次变位:  相对时间=  28.0毫秒, 采样点=136
	第001次复位:  相对时间= 847.5毫秒, 采样点=1775
第243通道: 1-南乐I线CSC101A保护A跳 :
	第001次变位:  相对时间=  47.5毫秒, 采样点=175
	第001次复位:  相对时间=  92.0毫秒, 采样点=264
第248通道: 6-南乐I线CSC101A发信 :
	第001次变位:  相对时间=  21.5毫秒, 采样点=123
	第001次复位:  相对时间= 218.5毫秒, 采样点=517
第251通道: 9-南乐I线RCS931AM保护A跳 :
	第001次变位:  相对时间=  18.5毫秒, 采样点=117
	第001次复位:  相对时间=  60.5毫秒, 采样点=201
第255通道: 13-5033操作箱A跳 :
	第001次变位:  相对时间=  26.0毫秒, 采样点=132
	第001次复位:  相对时间=3160.5毫秒, 采样点=4401
	第002次变位:  相对时间=3161.0毫秒, 采样点=4402
第261通道: 19-5033CSC121A失灵保护瞬时动作 :
	第001次变位:  相对时间=  37.5毫秒, 采样点=155
	第001次复位:  相对时间=  57.0毫秒, 采样点=194
第263通道: 21-5033CSC121A重合闸 :
	第001次变位:  相对时间= 809.5毫秒, 采样点=1699
	第001次复位:  相对时间= 929.0毫秒, 采样点=1930
第275通道: 33-5033断路器A相合位 :
	第001次变位:  相对时间=  36.5毫秒, 采样点=153
	第001次复位:  相对时间= 894.0毫秒, 采样点=1868
	第002次变位:  相对时间=3160.5毫秒, 采样点=4401
	第002次复位:  相对时间=3161.0毫秒, 采样点=4402
第276通道: 34-5033断路器B相合位 :
	第001次变位:  相对时间=3160.5毫秒, 采样点=4401
	第001次复位:  相对时间=3161.0毫秒, 采样点=4402
第277通道: 35-5033断路器C相合位 :
	第001次变位:  相对时间=3160.5毫秒, 采样点=4401
	第001次复位:  相对时间=3161.0毫秒, 采样点=4402
第278通道: 36-5032断路器A相分位 :
	第001次变位:  相对时间=  44.0毫秒, 采样点=168
	第001次复位:  相对时间=1469.0毫秒, 采样点=2470
第287通道: 45-5042断路器A相合位 :
	第001次变位:  相对时间=3160.5毫秒, 采样点=4401
	第001次复位:  相对时间=3161.0毫秒, 采样点=4402
第288通道: 46-5042断路器B相合位 :
	第001次变位:  相对时间=3160.5毫秒, 采样点=4401
	第001次复位:  相对时间=3161.0毫秒, 采样点=4402
第289通道: 47-5042断路器C相合位 :
	第001次变位:  相对时间=3160.5毫秒, 采样点=4401
	第001次复位:  相对时间=3161.0毫秒, 采样点=4402
第298通道: 56-5041断路器A相合位 :
	第001次变位:  相对时间=3160.5毫秒, 采样点=4401
	第001次复位:  相对时间=3161.0毫秒, 采样点=4402
第299通道: 57-5041断路器B相合位 :
	第001次变位:  相对时间=3160.5毫秒, 采样点=4401
	第001次复位:  相对时间=3161.0毫秒, 采样点=4402
第300通道: 58-5041断路器C相合位 :
	第001次变位:  相对时间=3160.5毫秒, 采样点=4401
	第001次复位:  相对时间=3161.0毫秒, 采样点=4402
